// Jest Snapshot v1, https://goo.gl/fbAQLP

exports[`highlight should highlight the code 1`] = `
"<pre><code class=\\"language-js\\"><pre class=\\"language-javascript\\"><code>    <span class=\\"token keyword\\">const</span> text <span class=\\"token operator\\">=</span> <span class=\\"token string\\">'Hello World'</span></code></pre></code></pre>
"
`;
